// Jest Snapshot v1, https://goo.gl/fbAQLP

exports[`merge merges configs 1`] = `
{
  "duration": 156052,
  "end": "2018-12-21T17:44:25.123Z",
  "failures": 3,
  "hasOther": false,
  "hasSkipped": true,
  "other": 0,
  "passPercent": 37.5,
  "passes": 3,
  "pending": 1,
  "pendingPercent": 12.5,
  "skipped": 1,
  "start": "2018-12-21T17:41:49.071Z",
  "suites": 4,
  "tests": 8,
  "testsRegistered": 8,
}
`;
