// Jest Snapshot v1, https://goo.gl/fbAQLP

exports[`merge merges configs 1`] = `
Object {
  "duration": 600,
  "end": "2019-06-12T02:22:23.789Z",
  "failures": 3,
  "hasOther": false,
  "hasSkipped": false,
  "other": 0,
  "passPercent": 50,
  "passes": 3,
  "pending": 0,
  "pendingPercent": 0,
  "skipped": 0,
  "start": "2018-12-21T17:41:49.071Z",
  "suites": 3,
  "tests": 6,
  "testsRegistered": 6,
}
`;
